<!DOCTYPE html PUBLIC "-//W3C//DTD HTML 4.0 Transitional//EN" "http://www.w3.org/TR/REC-html40/loose.dtd">
<html><body><div class="field">
  <div class="control">
    <label class="checkbox">
      <input type="checkbox" name="interested" id="interested" value="{{ old('interested', $testuser-&gt;interested) }}">interested) checked  @endif required&gt;
      Interested
    </label>
  </div>
</div></body></html>
